// Jest Snapshot v1, https://goo.gl/fbAQLP

exports[`renderer correctly 1`] = `
<View
  style={
    Object {
      "alignItems": "center",
      "backgroundColor": "#F5FCFF",
      "flex": 1,
      "justifyContent": "center",
    }
  }
>
  <Text
    style={
      Object {
        "color": "#333",
        "fontSize": 20,
        "margin": 10,
        "textAlign": "center",
      }
    }
  >
    Welcome to city 17!
  </Text>
  <Text
    style={
      Object {
        "color": "#333",
        "marginBottom": 5,
        "textAlign": "center",
      }
    }
  >
    This is a 
    React
     Native snapshot test.
  </Text>
</View>
`;
